Unity Editor version:    2021.3.30f1 (b4360d7cdac4)
Branch:                  2021.3/staging
Build type:              Release
Batch mode:              YES
macOS version:           Version 13.5.1 (Build 22G90)
Darwin version:          22.6.0
Architecture:            arm64
Running under Rosetta:   NO
Available memory:        8192 MB
Using pre-set license
Pro License: YES

COMMAND LINE ARGUMENTS:
/Applications/Unity/Hub/Editor/2021.3.30f1/Unity.app/Contents/MacOS/Unity
-adb2
-batchMode
-noUpm
-name
AssetImportWorker0
-projectPath
/Users/cideth/Documents/IMDead/IMDead
-logFile
Logs/AssetImportWorker0.log
-srvPort
61098
Successfully changed project path to: /Users/cideth/Documents/IMDead/IMDead
/Users/cideth/Documents/IMDead/IMDead
[UnityMemory] Configuration Parameters - Can be set up in boot.config
    "memorysetup-bucket-allocator-granularity=16"
    "memorysetup-bucket-allocator-bucket-count=8"
    "memorysetup-bucket-allocator-block-size=33554432"
    "memorysetup-bucket-allocator-block-count=8"
    "memorysetup-main-allocator-block-size=16777216"
    "memorysetup-thread-allocator-block-size=16777216"
    "memorysetup-gfx-main-allocator-block-size=16777216"
    "memorysetup-gfx-thread-allocator-block-size=16777216"
    "memorysetup-cache-allocator-block-size=4194304"
    "memorysetup-typetree-allocator-block-size=2097152"
    "memorysetup-profiler-bucket-allocator-granularity=16"
    "memorysetup-profiler-bucket-allocator-bucket-count=8"
    "memorysetup-profiler-bucket-allocator-block-size=33554432"
    "memorysetup-profiler-bucket-allocator-block-count=8"
    "memorysetup-profiler-allocator-block-size=16777216"
    "memorysetup-profiler-editor-allocator-block-size=1048576"
    "memorysetup-temp-allocator-size-main=16777216"
    "memorysetup-job-temp-allocator-block-size=2097152"
    "memorysetup-job-temp-allocator-block-size-background=1048576"
    "memorysetup-job-temp-allocator-reduction-small-platforms=262144"
    "memorysetup-temp-allocator-size-background-worker=32768"
    "memorysetup-temp-allocator-size-job-worker=262144"
    "memorysetup-temp-allocator-size-preload-manager=33554432"
    "memorysetup-temp-allocator-size-nav-mesh-worker=65536"
    "memorysetup-temp-allocator-size-audio-worker=65536"
    "memorysetup-temp-allocator-size-cloud-worker=32768"
    "memorysetup-temp-allocator-size-gi-baking-worker=262144"
    "memorysetup-temp-allocator-size-gfx=262144"
Player connection [8408277120] Host "[IP] 10.175.248.66 [Port] 0 [Flags] 2 [Guid] 3797182811 [EditorId] 3797182811 [Version] 1048832 [Id] OSXEditor(0,cideths-air-2.umd.edu) [Debug] 1 [PackageName] OSXEditor [ProjectName] Editor" joined multi-casting on [225.0.0.222:54997]...

Player connection [8408277120] Host "[IP] 10.175.248.66 [Port] 0 [Flags] 2 [Guid] 3797182811 [EditorId] 3797182811 [Version] 1048832 [Id] OSXEditor(0,cideths-air-2.umd.edu) [Debug] 1 [PackageName] OSXEditor [ProjectName] Editor" joined alternative multi-casting on [225.0.0.222:34997]...

[Physics::Module] Initialized MultithreadedJobDispatcher with {0} workers.
Refreshing native plugins compatible for Editor in 92.69 ms, found 8 plugins.
Preloading 0 native plugins for Editor in 0.00 ms.
Initialize engine version: 2021.3.30f1 (b4360d7cdac4)
[Subsystems] Discovering subsystems at path /Applications/Unity/Hub/Editor/2021.3.30f1/Unity.app/Contents/Resources/UnitySubsystems
[Subsystems] Discovering subsystems at path /Users/cideth/Documents/IMDead/IMDead/Assets
GfxDevice: creating device client; threaded=0; jobified=0
 preferred device: Apple M1 (high power)
Metal devices available: 1
0: Apple M1 (high power)
Using device Apple M1 (high power)
Initializing Metal device caps: Apple M1
Initialize mono
Mono path[0] = '/Applications/Unity/Hub/Editor/2021.3.30f1/Unity.app/Contents/Managed'
Mono path[1] = '/Applications/Unity/Hub/Editor/2021.3.30f1/Unity.app/Contents/MonoBleedingEdge/lib/mono/unityjit-macos'
Mono config path = '/Applications/Unity/Hub/Editor/2021.3.30f1/Unity.app/Contents/MonoBleedingEdge/etc'
Using monoOptions --debugger-agent=transport=dt_socket,embedding=1,server=y,suspend=n,address=127.0.0.1:56220
Begin MonoManager ReloadAssembly
Registering precompiled unity dll's ...
Register platform support module: /Applications/Unity/Hub/Editor/2021.3.30f1/PlaybackEngines/WebGLSupport/UnityEditor.WebGL.Extensions.dll
Register platform support module: /Applications/Unity/Hub/Editor/2021.3.30f1/Unity.app/Contents/PlaybackEngines/MacStandaloneSupport/UnityEditor.OSXStandalone.Extensions.dll
Register platform support module: /Applications/Unity/Hub/Editor/2021.3.30f1/PlaybackEngines/AndroidPlayer/UnityEditor.Android.Extensions.dll
Registered in 0.002369 seconds.
Native extension for Android target not found
Native extension for OSXStandalone target not found
Native extension for WebGL target not found
Refreshing native plugins compatible for Editor in 83.94 ms, found 8 plugins.
Preloading 0 native plugins for Editor in 0.00 ms.
Mono: successfully reloaded assembly
- Completed reload, in  0.460 seconds
Domain Reload Profiling:
	ReloadAssembly (460ms)
		BeginReloadAssembly (75ms)
			ExecutionOrderSort (0ms)
			DisableScriptedObjects (0ms)
			BackupInstance (0ms)
			ReleaseScriptingObjects (0ms)
			CreateAndSetChildDomain (0ms)
		EndReloadAssembly (328ms)
			LoadAssemblies (76ms)
			RebuildTransferFunctionScriptingTraits (0ms)
			SetupTypeCache (70ms)
			ReleaseScriptCaches (0ms)
			RebuildScriptCaches (20ms)
			SetupLoadedEditorAssemblies (209ms)
				LogAssemblyErrors (0ms)
				InitializePlatformSupportModulesInManaged (53ms)
				SetLoadedEditorAssemblies (0ms)
				RefreshPlugins (84ms)
				BeforeProcessingInitializeOnLoad (1ms)
				ProcessInitializeOnLoadAttributes (44ms)
				ProcessInitializeOnLoadMethodAttributes (27ms)
				AfterProcessingInitializeOnLoad (0ms)
				EditorAssembliesLoaded (0ms)
			ExecutionOrderSort2 (0ms)
			AwakeInstancesAfterBackupRestoration (0ms)
Platform modules already initialized, skipping
Registering precompiled user dll's ...
Registered in 0.007087 seconds.
Begin MonoManager ReloadAssembly
Native extension for Android target not found
Native extension for OSXStandalone target not found
Native extension for WebGL target not found
Refreshing native plugins compatible for Editor in 84.11 ms, found 8 plugins.
Preloading 0 native plugins for Editor in 0.00 ms.
Package Manager log level set to [2]
[Package Manager] Server::EnsureServerProcessIsRunning -- launch failed, reason: Unity was launched with the -noUpm command-line argument
[Package Manager] Cannot connect to Unity Package Manager local server
[Package Manager] Server::EnsureServerProcessIsRunning -- launch failed, reason: Unity was launched with the -noUpm command-line argument
[Package Manager] Cannot connect to Unity Package Manager local server
Mono: successfully reloaded assembly
- Completed reload, in  1.387 seconds
Domain Reload Profiling:
	ReloadAssembly (1387ms)
		BeginReloadAssembly (67ms)
			ExecutionOrderSort (0ms)
			DisableScriptedObjects (3ms)
			BackupInstance (0ms)
			ReleaseScriptingObjects (0ms)
			CreateAndSetChildDomain (17ms)
		EndReloadAssembly (1257ms)
			LoadAssemblies (141ms)
			RebuildTransferFunctionScriptingTraits (0ms)
			SetupTypeCache (203ms)
			ReleaseScriptCaches (2ms)
			RebuildScriptCaches (50ms)
			SetupLoadedEditorAssemblies (823ms)
				LogAssemblyErrors (0ms)
				InitializePlatformSupportModulesInManaged (11ms)
				SetLoadedEditorAssemblies (0ms)
				RefreshPlugins (84ms)
				BeforeProcessingInitializeOnLoad (80ms)
				ProcessInitializeOnLoadAttributes (598ms)
				ProcessInitializeOnLoadMethodAttributes (49ms)
				AfterProcessingInitializeOnLoad (1ms)
				EditorAssembliesLoaded (0ms)
			ExecutionOrderSort2 (0ms)
			AwakeInstancesAfterBackupRestoration (2ms)
Platform modules already initialized, skipping
========================================================================
Worker process is ready to serve import requests
Launching external process: /Applications/Unity/Hub/Editor/2021.3.30f1/Unity.app/Contents/Tools/UnityShaderCompiler
Launched and connected shader compiler UnityShaderCompiler after 0.26 seconds
Refreshing native plugins compatible for Editor in 0.65 ms, found 8 plugins.
Preloading 0 native plugins for Editor in 0.00 ms.
Unloading 5606 Unused Serialized files (Serialized files now loaded: 0)
Unloading 71 unused Assets / (1.3 MB). Loaded Objects now: 6077.
Memory consumption went from 212.8 MB to 211.4 MB.
Total: 3.155250 ms (FindLiveObjects: 0.214375 ms CreateObjectMapping: 0.075833 ms MarkObjects: 2.580334 ms  DeleteObjects: 0.283583 ms)

AssetImportParameters requested are different than current active one (requested -> active):
  custom:video-decoder-ogg-theora: a1e56fd34408186e4bbccfd4996cb3dc -> 
  custom:container-muxer-webm: aa71ff27fc2769a1b78a27578f13a17b -> 
  custom:container-demuxer-webm: 4f35f7cbe854078d1ac9338744f61a02 -> 
  custom:video-encoder-webm-vp8: eb34c28f22e8b96e1ab97ce403110664 -> 
  custom:framework-osx-AVFoundation: e770b220cccbd017edd2c1fefb359320 -> 
  custom:CustomObjectIndexerAttribute: bc11b3a6c3213fcdd17b65e7da85e133 -> 
  custom:audio-encoder-webm-vorbis: bf7c407c2cedff20999df2af8eb42d56 -> 
  custom:SearchIndexIgnoredProperties: e643bd26f0fe6173181afceb89e7c659 -> 
  custom:container-demuxer-ogg: 62fdf1f143b41e24485cea50d1cbac27 -> 
  custom:video-decoder-webm-vp8: 9c59270c3fd7afecdb556c50c9e8de78 -> 
  custom:audio-decoder-ogg-vorbis: bf7c407c2cedff20999df2af8eb42d56 -> 
========================================================================
Received Import Request.
  Time since last request: 399225.089016 seconds.
  path: Assets/Characters/shoes03_diffuse.png
  artifactKey: Guid(e9def52c0c9164f6886ddee352fc9130) Importer(815301076,1909f56bfc062723c751e8b465ee728b)
Number of updated assets reloaded before import = 0
Start importing Assets/Characters/shoes03_diffuse.png using Guid(e9def52c0c9164f6886ddee352fc9130) Importer(815301076,1909f56bfc062723c751e8b465ee728b)  -> (artifact id: 'fafbe59c5c60295a295afccdaa8c71e1') in 0.149210 seconds 
Number of asset objects unloaded after import = 2
========================================================================
Received Import Request.
  Time since last request: 0.000101 seconds.
  path: Assets/Characters/Human.ponytail01.mat
  artifactKey: Guid(5c36cc5fd4c3644459bd34590b2a591d) Importer(815301076,1909f56bfc062723c751e8b465ee728b)
Number of updated assets reloaded before import = 0
Start importing Assets/Characters/Human.ponytail01.mat using Guid(5c36cc5fd4c3644459bd34590b2a591d) Importer(815301076,1909f56bfc062723c751e8b465ee728b)  -> (artifact id: 'db262ce875ba80e198624c4b15c520e6') in 0.255530 seconds 
Number of asset objects unloaded after import = 2
========================================================================
Received Import Request.
  Time since last request: 0.000108 seconds.
  path: Assets/Characters/tongue01_diffuse.png
  artifactKey: Guid(9fb33c0206ef044a590285d764d82d97) Importer(815301076,1909f56bfc062723c751e8b465ee728b)
Number of updated assets reloaded before import = 0
Start importing Assets/Characters/tongue01_diffuse.png using Guid(9fb33c0206ef044a590285d764d82d97) Importer(815301076,1909f56bfc062723c751e8b465ee728b)  -> (artifact id: 'b8f215f028514baac228cdb858b0ff20') in 0.010514 seconds 
Number of asset objects unloaded after import = 2
========================================================================
Received Import Request.
  Time since last request: 0.000053 seconds.
  path: Assets/Characters/eyebrow009.png
  artifactKey: Guid(894314d9d1e0342eba14ae28ebe668f5) Importer(815301076,1909f56bfc062723c751e8b465ee728b)
Number of updated assets reloaded before import = 0
Start importing Assets/Characters/eyebrow009.png using Guid(894314d9d1e0342eba14ae28ebe668f5) Importer(815301076,1909f56bfc062723c751e8b465ee728b)  -> (artifact id: '58c09b59194fa6fc396e2519cfae4c4e') in 0.006958 seconds 
Number of asset objects unloaded after import = 2
========================================================================
Received Import Request.
  Time since last request: 0.000039 seconds.
  path: Assets/Characters/Human.short01.mat
  artifactKey: Guid(0caaf8b0432884dca8cab89e1f6a0f26) Importer(815301076,1909f56bfc062723c751e8b465ee728b)
Number of updated assets reloaded before import = 0
Start importing Assets/Characters/Human.short01.mat using Guid(0caaf8b0432884dca8cab89e1f6a0f26) Importer(815301076,1909f56bfc062723c751e8b465ee728b)  -> (artifact id: 'c2ad29dda3ead4991bfe26d069964f64') in 0.011877 seconds 
Number of asset objects unloaded after import = 2
========================================================================
Received Import Request.
  Time since last request: 0.000064 seconds.
  path: Assets/Characters/Human.elvs_gored_midi_skirt.mat
  artifactKey: Guid(8f540fac4a14046a0933746168d24715) Importer(815301076,1909f56bfc062723c751e8b465ee728b)
Number of updated assets reloaded before import = 0
Start importing Assets/Characters/Human.elvs_gored_midi_skirt.mat using Guid(8f540fac4a14046a0933746168d24715) Importer(815301076,1909f56bfc062723c751e8b465ee728b)  -> (artifact id: '84fce2824675898d760c4f871daf2e3b') in 0.012266 seconds 
Number of asset objects unloaded after import = 2
========================================================================
Received Import Request.
  Time since last request: 0.000072 seconds.
  path: Assets/Characters/Human.eyelashes03.mat
  artifactKey: Guid(2ad11277e709442d195050eff570aa3d) Importer(815301076,1909f56bfc062723c751e8b465ee728b)
Number of updated assets reloaded before import = 0
Start importing Assets/Characters/Human.eyelashes03.mat using Guid(2ad11277e709442d195050eff570aa3d) Importer(815301076,1909f56bfc062723c751e8b465ee728b)  -> (artifact id: '55acf7396ef1906b2e73cbce4e21a4b8') in 0.005602 seconds 
Number of asset objects unloaded after import = 2
========================================================================
Received Import Request.
  Time since last request: 0.000041 seconds.
  path: Assets/Characters/Human.tongue01.mat
  artifactKey: Guid(802298da011ae42b3bc4fbdcc4e68b63) Importer(815301076,1909f56bfc062723c751e8b465ee728b)
Number of updated assets reloaded before import = 0
Start importing Assets/Characters/Human.tongue01.mat using Guid(802298da011ae42b3bc4fbdcc4e68b63) Importer(815301076,1909f56bfc062723c751e8b465ee728b)  -> (artifact id: '7885a6c4c91f7838d3582b5c34d8d23b') in 0.007010 seconds 
Number of asset objects unloaded after import = 2
========================================================================
Received Import Request.
  Time since last request: 0.000081 seconds.
  path: Assets/Characters/brown_eye.png
  artifactKey: Guid(23589c028f8334bab93e82f7bd13c2cf) Importer(815301076,1909f56bfc062723c751e8b465ee728b)
Number of updated assets reloaded before import = 0
Start importing Assets/Characters/brown_eye.png using Guid(23589c028f8334bab93e82f7bd13c2cf) Importer(815301076,1909f56bfc062723c751e8b465ee728b)  -> (artifact id: '7cd9ef4d61dfbefffe7c190bfb2b4372') in 0.005853 seconds 
Number of asset objects unloaded after import = 2
========================================================================
Received Import Request.
  Time since last request: 0.000038 seconds.
  path: Assets/Characters/lace_up_blouse.png
  artifactKey: Guid(e90a12be757e046b68e2780567adc8f1) Importer(815301076,1909f56bfc062723c751e8b465ee728b)
Number of updated assets reloaded before import = 0
Start importing Assets/Characters/lace_up_blouse.png using Guid(e90a12be757e046b68e2780567adc8f1) Importer(815301076,1909f56bfc062723c751e8b465ee728b)  -> (artifact id: '11f2153381a60207490f8fff11963c5e') in 0.008587 seconds 
Number of asset objects unloaded after import = 2
========================================================================
Received Import Request.
  Time since last request: 0.000060 seconds.
  path: Assets/Characters/Human.eyebrow009.001.mat
  artifactKey: Guid(da2875cbc412c471baabbef70178e212) Importer(815301076,1909f56bfc062723c751e8b465ee728b)
Number of updated assets reloaded before import = 0
Start importing Assets/Characters/Human.eyebrow009.001.mat using Guid(da2875cbc412c471baabbef70178e212) Importer(815301076,1909f56bfc062723c751e8b465ee728b)  -> (artifact id: 'dcc20be809ea9342acc5741835b9e378') in 0.003770 seconds 
Number of asset objects unloaded after import = 2
========================================================================
Received Import Request.
  Time since last request: 0.000062 seconds.
  path: Assets/Characters/Human.high-poly 1.mat
  artifactKey: Guid(2ce86dffc8e6a4071a5867ceb705cacf) Importer(815301076,1909f56bfc062723c751e8b465ee728b)
Number of updated assets reloaded before import = 0
Start importing Assets/Characters/Human.high-poly 1.mat using Guid(2ce86dffc8e6a4071a5867ceb705cacf) Importer(815301076,1909f56bfc062723c751e8b465ee728b)  -> (artifact id: '7b7851a573065bd638d2e11c27c1c040') in 0.009309 seconds 
Number of asset objects unloaded after import = 2
========================================================================
Received Import Request.
  Time since last request: 0.000092 seconds.
  path: Assets/Characters/Human.punkduck_lace_up_blouse.mat
  artifactKey: Guid(153022edee17e494196f0476331e2cc4) Importer(815301076,1909f56bfc062723c751e8b465ee728b)
Number of updated assets reloaded before import = 0
Start importing Assets/Characters/Human.punkduck_lace_up_blouse.mat using Guid(153022edee17e494196f0476331e2cc4) Importer(815301076,1909f56bfc062723c751e8b465ee728b)  -> (artifact id: '47be1801cde1ad1a5262fea903d05407') in 0.008393 seconds 
Number of asset objects unloaded after import = 2
========================================================================
Received Import Request.
  Time since last request: 0.000067 seconds.
  path: Assets/Characters/middleage_lightskinned_male_diffuse2.png
  artifactKey: Guid(8a870d5a12af34da0b40d09bc26bf3e5) Importer(815301076,1909f56bfc062723c751e8b465ee728b)
Number of updated assets reloaded before import = 0
Start importing Assets/Characters/middleage_lightskinned_male_diffuse2.png using Guid(8a870d5a12af34da0b40d09bc26bf3e5) Importer(815301076,1909f56bfc062723c751e8b465ee728b)  -> (artifact id: '39a8605d8f5bbbc6385fbcfebc341286') in 0.009829 seconds 
Number of asset objects unloaded after import = 2
========================================================================
Received Import Request.
  Time since last request: 0.000083 seconds.
  path: Assets/Characters/goredskirttex1.png
  artifactKey: Guid(537125458ebc947bf83ed3b23c551501) Importer(815301076,1909f56bfc062723c751e8b465ee728b)
Number of updated assets reloaded before import = 0
Start importing Assets/Characters/goredskirttex1.png using Guid(537125458ebc947bf83ed3b23c551501) Importer(815301076,1909f56bfc062723c751e8b465ee728b)  -> (artifact id: '543138e17d61b1c1d4d0d15d21ca98ae') in 0.010340 seconds 
Number of asset objects unloaded after import = 2
========================================================================
Received Import Request.
  Time since last request: 0.000074 seconds.
  path: Assets/Characters/ponytail01_diffuse.png
  artifactKey: Guid(cfb3a7da1ee72433bb10e71de81f0c79) Importer(815301076,1909f56bfc062723c751e8b465ee728b)
Number of updated assets reloaded before import = 0
Start importing Assets/Characters/ponytail01_diffuse.png using Guid(cfb3a7da1ee72433bb10e71de81f0c79) Importer(815301076,1909f56bfc062723c751e8b465ee728b)  -> (artifact id: 'c8b0619d8353459e7bb5b797cd054301') in 0.007413 seconds 
Number of asset objects unloaded after import = 2
========================================================================
Received Import Request.
  Time since last request: 0.000078 seconds.
  path: Assets/Characters/Human.grinsegold_full_beard.mat
  artifactKey: Guid(2d5124347fe30478a9834609984c5425) Importer(815301076,1909f56bfc062723c751e8b465ee728b)
Number of updated assets reloaded before import = 0
Start importing Assets/Characters/Human.grinsegold_full_beard.mat using Guid(2d5124347fe30478a9834609984c5425) Importer(815301076,1909f56bfc062723c751e8b465ee728b)  -> (artifact id: '0b58755fc19505f97307795d9b1d3910') in 0.010601 seconds 
Number of asset objects unloaded after import = 2
========================================================================
Received Import Request.
  Time since last request: 0.000086 seconds.
  path: Assets/Characters/Human.male_casualsuit01.mat
  artifactKey: Guid(e12b4ba18e4654b619bbaca1fbc3d8b7) Importer(815301076,1909f56bfc062723c751e8b465ee728b)
Number of updated assets reloaded before import = 0
Start importing Assets/Characters/Human.male_casualsuit01.mat using Guid(e12b4ba18e4654b619bbaca1fbc3d8b7) Importer(815301076,1909f56bfc062723c751e8b465ee728b)  -> (artifact id: 'e262b2c0bf7d59affff7ad059b505a53') in 0.006430 seconds 
Number of asset objects unloaded after import = 2
========================================================================
Received Import Request.
  Time since last request: 0.000083 seconds.
  path: Assets/Characters/Human.eyebrow010.mat
  artifactKey: Guid(3c17c262540d446118ba28c4a9ad1b1d) Importer(815301076,1909f56bfc062723c751e8b465ee728b)
Number of updated assets reloaded before import = 0
Start importing Assets/Characters/Human.eyebrow010.mat using Guid(3c17c262540d446118ba28c4a9ad1b1d) Importer(815301076,1909f56bfc062723c751e8b465ee728b)  -> (artifact id: 'bb67ebb0523b32d7d934bbd0a69729d7') in 0.007179 seconds 
Number of asset objects unloaded after import = 2
========================================================================
Received Import Request.
  Time since last request: 0.000086 seconds.
  path: Assets/Characters/Human.shoes04.mat
  artifactKey: Guid(55762c5bddd4443768f3dc2545aa7c0c) Importer(815301076,1909f56bfc062723c751e8b465ee728b)
Number of updated assets reloaded before import = 0
Start importing Assets/Characters/Human.shoes04.mat using Guid(55762c5bddd4443768f3dc2545aa7c0c) Importer(815301076,1909f56bfc062723c751e8b465ee728b)  -> (artifact id: '675a0d9381702d5d5c6fce2ae6b251b2') in 0.010408 seconds 
Number of asset objects unloaded after import = 2
========================================================================
Received Import Request.
  Time since last request: 0.000143 seconds.
  path: Assets/Characters/Moustache_black_diff.png
  artifactKey: Guid(f4b87da3b2be44b9a8c76b63de9d677e) Importer(815301076,1909f56bfc062723c751e8b465ee728b)
Number of updated assets reloaded before import = 0
Start importing Assets/Characters/Moustache_black_diff.png using Guid(f4b87da3b2be44b9a8c76b63de9d677e) Importer(815301076,1909f56bfc062723c751e8b465ee728b)  -> (artifact id: '8c57fe41dce30ed2be9c36b12fdd968e') in 0.007615 seconds 
Number of asset objects unloaded after import = 2
========================================================================
Received Import Request.
  Time since last request: 0.000116 seconds.
  path: Assets/Characters/eyelashes03.png
  artifactKey: Guid(7ccd955f809d048daa1866139de07233) Importer(815301076,1909f56bfc062723c751e8b465ee728b)
Number of updated assets reloaded before import = 0
Start importing Assets/Characters/eyelashes03.png using Guid(7ccd955f809d048daa1866139de07233) Importer(815301076,1909f56bfc062723c751e8b465ee728b)  -> (artifact id: 'c206133de28556cd4a34cee1465b670b') in 0.004404 seconds 
Number of asset objects unloaded after import = 2
========================================================================
Received Import Request.
  Time since last request: 0.000095 seconds.
  path: Assets/Characters/Human.teeth_base.mat
  artifactKey: Guid(7e1604260762948ce92826fe79ae5c83) Importer(815301076,1909f56bfc062723c751e8b465ee728b)
Number of updated assets reloaded before import = 0
Start importing Assets/Characters/Human.teeth_base.mat using Guid(7e1604260762948ce92826fe79ae5c83) Importer(815301076,1909f56bfc062723c751e8b465ee728b)  -> (artifact id: 'b119e9b7904684d4bef56c094289cb81') in 0.009214 seconds 
Number of asset objects unloaded after import = 2
========================================================================
Received Import Request.
  Time since last request: 0.000048 seconds.
  path: Assets/Characters/shoes04_diffuse.png
  artifactKey: Guid(606432a25e8894436a3941aea291e75c) Importer(815301076,1909f56bfc062723c751e8b465ee728b)
Number of updated assets reloaded before import = 0
Start importing Assets/Characters/shoes04_diffuse.png using Guid(606432a25e8894436a3941aea291e75c) Importer(815301076,1909f56bfc062723c751e8b465ee728b)  -> (artifact id: '3ef70ea617effbdb05282eb67380643e') in 0.004513 seconds 
Number of asset objects unloaded after import = 2
========================================================================
Received Import Request.
  Time since last request: 0.000047 seconds.
  path: Assets/Characters/Full_beard_black_diff.png
  artifactKey: Guid(8bd0db60d5d97421d8b5eb630be0fc61) Importer(815301076,1909f56bfc062723c751e8b465ee728b)
Number of updated assets reloaded before import = 0
Start importing Assets/Characters/Full_beard_black_diff.png using Guid(8bd0db60d5d97421d8b5eb630be0fc61) Importer(815301076,1909f56bfc062723c751e8b465ee728b)  -> (artifact id: '9ae6557f86691ee39029030d73011d6e') in 0.005894 seconds 
Number of asset objects unloaded after import = 2
========================================================================
Received Import Request.
  Time since last request: 0.000075 seconds.
  path: Assets/Characters/Human.body.mat
  artifactKey: Guid(2f1f4a890475347b4904df87a903a7a3) Importer(815301076,1909f56bfc062723c751e8b465ee728b)
Number of updated assets reloaded before import = 0
Start importing Assets/Characters/Human.body.mat using Guid(2f1f4a890475347b4904df87a903a7a3) Importer(815301076,1909f56bfc062723c751e8b465ee728b)  -> (artifact id: '6673005d6e631d23583ab56c58aa241d') in 0.005026 seconds 
Number of asset objects unloaded after import = 2
========================================================================
Received Import Request.
  Time since last request: 0.000039 seconds.
  path: Assets/Characters/male_casualsuit01_diffuse.png
  artifactKey: Guid(4fd497d34c1ec42f29cf16920ccef9f3) Importer(815301076,1909f56bfc062723c751e8b465ee728b)
Number of updated assets reloaded before import = 0
Start importing Assets/Characters/male_casualsuit01_diffuse.png using Guid(4fd497d34c1ec42f29cf16920ccef9f3) Importer(815301076,1909f56bfc062723c751e8b465ee728b)  -> (artifact id: '4eac8f32dfcb406151d87a828410b637') in 0.006207 seconds 
Number of asset objects unloaded after import = 2
========================================================================
Received Import Request.
  Time since last request: 0.000041 seconds.
  path: Assets/Characters/teeth.png
  artifactKey: Guid(f762fa19fb3a6491fa9fca138aa7db36) Importer(815301076,1909f56bfc062723c751e8b465ee728b)
Number of updated assets reloaded before import = 0
Start importing Assets/Characters/teeth.png using Guid(f762fa19fb3a6491fa9fca138aa7db36) Importer(815301076,1909f56bfc062723c751e8b465ee728b)  -> (artifact id: '2c6dfb235a15c7194063711731336716') in 0.006518 seconds 
Number of asset objects unloaded after import = 2
========================================================================
Received Import Request.
  Time since last request: 0.000037 seconds.
  path: Assets/Characters/Human.body 1.mat
  artifactKey: Guid(1d6135b566b5e4eaf9ad1b75d449caeb) Importer(815301076,1909f56bfc062723c751e8b465ee728b)
Number of updated assets reloaded before import = 0
Start importing Assets/Characters/Human.body 1.mat using Guid(1d6135b566b5e4eaf9ad1b75d449caeb) Importer(815301076,1909f56bfc062723c751e8b465ee728b)  -> (artifact id: '0a5a1f3bf914b7de4423adad875b4357') in 0.011718 seconds 
Number of asset objects unloaded after import = 2
========================================================================
Received Import Request.
  Time since last request: 0.000071 seconds.
  path: Assets/Characters/eyelashes01.png
  artifactKey: Guid(65d44112d4f5846638f80e1c46bc8884) Importer(815301076,1909f56bfc062723c751e8b465ee728b)
Number of updated assets reloaded before import = 0
Start importing Assets/Characters/eyelashes01.png using Guid(65d44112d4f5846638f80e1c46bc8884) Importer(815301076,1909f56bfc062723c751e8b465ee728b)  -> (artifact id: '68ce5b800d710e02e110c8faef2ad95c') in 0.005543 seconds 
Number of asset objects unloaded after import = 2
========================================================================
Received Import Request.
  Time since last request: 0.000072 seconds.
  path: Assets/Characters/Human.high-poly.mat
  artifactKey: Guid(55cccf69457e643f4a484fe441e7abbf) Importer(815301076,1909f56bfc062723c751e8b465ee728b)
Number of updated assets reloaded before import = 0
Start importing Assets/Characters/Human.high-poly.mat using Guid(55cccf69457e643f4a484fe441e7abbf) Importer(815301076,1909f56bfc062723c751e8b465ee728b)  -> (artifact id: '90b0a0678194cb75ab15ef91e853777b') in 0.007390 seconds 
Number of asset objects unloaded after import = 2
========================================================================
Received Import Request.
  Time since last request: 0.000081 seconds.
  path: Assets/Characters/Human.teeth_base 1.mat
  artifactKey: Guid(28f43e787b6f44e9fa008b4c5c44d2cd) Importer(815301076,1909f56bfc062723c751e8b465ee728b)
Number of updated assets reloaded before import = 0
Start importing Assets/Characters/Human.teeth_base 1.mat using Guid(28f43e787b6f44e9fa008b4c5c44d2cd) Importer(815301076,1909f56bfc062723c751e8b465ee728b)  -> (artifact id: '1545d24d221086ba1c042d55472c2f27') in 0.006133 seconds 
Number of asset objects unloaded after import = 2
========================================================================
Received Import Request.
  Time since last request: 0.000113 seconds.
  path: Assets/Characters/marie2.fbx
  artifactKey: Guid(e624f1156181f4ef18dcc2d519e4fb82) Importer(815301076,1909f56bfc062723c751e8b465ee728b)
Number of updated assets reloaded before import = 0
Start importing Assets/Characters/marie2.fbx using Guid(e624f1156181f4ef18dcc2d519e4fb82) Importer(815301076,1909f56bfc062723c751e8b465ee728b)  -> (artifact id: '5d5e7138f7fab4c0c941ae0fd66ff42d') in 0.193130 seconds 
Number of asset objects unloaded after import = 2950
